Release 14.7 - xst P.20160913 (lin64)
Copyright (c) 1995-2013 Xilinx, Inc.  All rights reserved.
--> 
Parameter TMPDIR set to xst/projnav.tmp


Total REAL time to Xst completion: 1.00 secs
Total CPU time to Xst completion: 0.04 secs
 
--> 
Parameter xsthdpdir set to xst


Total REAL time to Xst completion: 1.00 secs
Total CPU time to Xst completion: 0.04 secs
 
--> 
Reading design: VGA.prj

TABLE OF CONTENTS
  1) Synthesis Options Summary
  2) HDL Parsing
  3) HDL Elaboration
  4) HDL Synthesis
       4.1) HDL Synthesis Report
  5) Advanced HDL Synthesis
       5.1) Advanced HDL Synthesis Report
  6) Low Level Synthesis
  7) Partition Report
  8) Design Summary
       8.1) Primitive and Black Box Usage
       8.2) Device utilization summary
       8.3) Partition Resource Summary
       8.4) Timing Report
            8.4.1) Clock Information
            8.4.2) Asynchronous Control Signals Information
            8.4.3) Timing Summary
            8.4.4) Timing Details
            8.4.5) Cross Clock Domains Report


=========================================================================
*                      Synthesis Options Summary                        *
=========================================================================
---- Source Parameters
Input File Name                    : "VGA.prj"
Ignore Synthesis Constraint File   : NO

---- Target Parameters
Output File Name                   : "VGA"
Output Format                      : NGC
Target Device                      : xc6slx16-3-csg324

---- Source Options
Top Module Name                    : VGA
Automatic FSM Extraction           : YES
FSM Encoding Algorithm             : Auto
Safe Implementation                : No
FSM Style                          : LUT
RAM Extraction                     : Yes
RAM Style                          : Auto
ROM Extraction                     : Yes
Shift Register Extraction          : YES
ROM Style                          : Auto
Resource Sharing                   : YES
Asynchronous To Synchronous        : NO
Shift Register Minimum Size        : 2
Use DSP Block                      : Auto
Automatic Register Balancing       : No

---- Target Options
LUT Combining                      : Auto
Reduce Control Sets                : Auto
Add IO Buffers                     : YES
Global Maximum Fanout              : 100000
Add Generic Clock Buffer(BUFG)     : 16
Register Duplication               : YES
Optimize Instantiated Primitives   : NO
Use Clock Enable                   : Auto
Use Synchronous Set                : Auto
Use Synchronous Reset              : Auto
Pack IO Registers into IOBs        : Auto
Equivalent register Removal        : YES

---- General Options
Optimization Goal                  : Speed
Optimization Effort                : 1
Power Reduction                    : NO
Keep Hierarchy                     : No
Netlist Hierarchy                  : As_Optimized
RTL Output                         : Yes
Global Optimization                : AllClockNets
Read Cores                         : YES
Write Timing Constraints           : NO
Cross Clock Analysis               : NO
Hierarchy Separator                : /
Bus Delimiter                      : <>
Case Specifier                     : Maintain
Slice Utilization Ratio            : 100
BRAM Utilization Ratio             : 100
DSP48 Utilization Ratio            : 100
Auto BRAM Packing                  : NO
Slice Utilization Ratio Delta      : 5

=========================================================================


=========================================================================
*                          HDL Parsing                                  *
=========================================================================
Parsing VHDL file "/home/ise/gitVHDL2023/VHDL-Basico-Nexys3/Driver-VGA/Ejemplo3VGA/sync.vhd" into library work
Parsing entity <SYNC>.
Parsing architecture <MAIN> of entity <sync>.
Parsing VHDL file "/home/ise/gitVHDL2023/VHDL-Basico-Nexys3/Driver-VGA/Ejemplo3VGA/DivisorFreq.vhd" into library work
Parsing entity <DivisorFreq>.
Parsing architecture <Behavioral> of entity <divisorfreq>.
Parsing VHDL file "/home/ise/gitVHDL2023/VHDL-Basico-Nexys3/Driver-VGA/Ejemplo3VGA/vga.vhd" into library work
Parsing entity <VGA>.
Parsing architecture <MAIN> of entity <vga>.

=========================================================================
*                            HDL Elaboration                            *
=========================================================================

Elaborating entity <VGA> (architecture <MAIN>) from library <work>.

Elaborating entity <SYNC> (architecture <MAIN>) from library <work>.

Elaborating entity <DivisorFreq> (architecture <Behavioral>) from library <work>.

=========================================================================
*                           HDL Synthesis                               *
=========================================================================

Synthesizing Unit <VGA>.
    Related source file is "/home/ise/gitVHDL2023/VHDL-Basico-Nexys3/Driver-VGA/Ejemplo3VGA/vga.vhd".
    Summary:
	no macro.
Unit <VGA> synthesized.

Synthesizing Unit <SYNC>.
    Related source file is "/home/ise/gitVHDL2023/VHDL-Basico-Nexys3/Driver-VGA/Ejemplo3VGA/sync.vhd".
    Found 3-bit register for signal <G>.
    Found 2-bit register for signal <B>.
    Found 11-bit register for signal <HPOS>.
    Found 10-bit register for signal <VPOS>.
    Found 11-bit register for signal <SQ_X1>.
    Found 11-bit register for signal <SQ_Y1>.
    Found 10-bit register for signal <SQ_X2>.
    Found 10-bit register for signal <SQ_Y2>.
    Found 1-bit register for signal <HSYNC>.
    Found 1-bit register for signal <VSYNC>.
    Found 3-bit register for signal <R>.
    Found 12-bit adder for signal <n0163> created at line 42.
    Found 12-bit adder for signal <n0166> created at line 42.
    Found 11-bit adder for signal <n0168> created at line 42.
    Found 11-bit adder for signal <n0170> created at line 42.
    Found 11-bit adder for signal <SQ_X1[10]_GND_5_o_add_29_OUT> created at line 101.
    Found 11-bit adder for signal <SQ_Y1[10]_GND_5_o_add_35_OUT> created at line 110.
    Found 10-bit adder for signal <SQ_X2[9]_GND_5_o_add_39_OUT> created at line 115.
    Found 10-bit adder for signal <SQ_Y2[9]_GND_5_o_add_45_OUT> created at line 124.
    Found 11-bit adder for signal <HPOS[10]_GND_5_o_add_61_OUT> created at line 134.
    Found 10-bit adder for signal <VPOS[9]_GND_5_o_add_63_OUT> created at line 138.
    Found 11-bit subtractor for signal <GND_5_o_GND_5_o_sub_32_OUT<10:0>> created at line 104.
    Found 11-bit subtractor for signal <GND_5_o_GND_5_o_sub_34_OUT<10:0>> created at line 107.
    Found 10-bit subtractor for signal <GND_5_o_GND_5_o_sub_42_OUT<9:0>> created at line 118.
    Found 10-bit subtractor for signal <GND_5_o_GND_5_o_sub_44_OUT<9:0>> created at line 121.
    Found 11-bit comparator greater for signal <SQ_X1[10]_HPOS[10]_LessThan_1_o> created at line 42
    Found 12-bit comparator greater for signal <GND_5_o_BUS_0001_LessThan_3_o> created at line 42
    Found 11-bit comparator greater for signal <SQ_Y1[10]_GND_5_o_LessThan_4_o> created at line 42
    Found 12-bit comparator greater for signal <GND_5_o_BUS_0002_LessThan_6_o> created at line 42
    Found 11-bit comparator greater for signal <GND_5_o_HPOS[10]_LessThan_7_o> created at line 42
    Found 11-bit comparator greater for signal <HPOS[10]_BUS_0003_LessThan_9_o> created at line 42
    Found 10-bit comparator greater for signal <SQ_Y2[9]_VPOS[9]_LessThan_10_o> created at line 42
    Found 11-bit comparator greater for signal <GND_5_o_BUS_0004_LessThan_12_o> created at line 42
    Found 11-bit comparator greater for signal <HPOS[10]_PWR_5_o_LessThan_26_o> created at line 133
    Found 10-bit comparator greater for signal <VPOS[9]_PWR_5_o_LessThan_28_o> created at line 137
    Found 11-bit comparator greater for signal <GND_5_o_HPOS[10]_LessThan_68_o> created at line 143
    Found 11-bit comparator greater for signal <HPOS[10]_GND_5_o_LessThan_69_o> created at line 143
    Found 10-bit comparator greater for signal <GND_5_o_VPOS[9]_LessThan_70_o> created at line 149
    Found 10-bit comparator greater for signal <VPOS[9]_GND_5_o_LessThan_71_o> created at line 149
    Found 11-bit comparator greater for signal <GND_5_o_HPOS[10]_LessThan_72_o> created at line 156
    Found 11-bit comparator greater for signal <HPOS[10]_GND_5_o_LessThan_73_o> created at line 156
    Found 10-bit comparator greater for signal <GND_5_o_VPOS[9]_LessThan_74_o> created at line 156
    Found 10-bit comparator greater for signal <VPOS[9]_GND_5_o_LessThan_75_o> created at line 156
    Summary:
	inferred  10 Adder/Subtractor(s).
	inferred  73 D-type flip-flop(s).
	inferred  18 Comparator(s).
	inferred   5 Multiplexer(s).
Unit <SYNC> synthesized.

Synthesizing Unit <DivisorFreq>.
    Related source file is "/home/ise/gitVHDL2023/VHDL-Basico-Nexys3/Driver-VGA/Ejemplo3VGA/DivisorFreq.vhd".
    Found 2-bit register for signal <cuenta>.
    Found 1-bit register for signal <unseg>.
    Found 1-bit register for signal <aux>.
    Found 2-bit adder for signal <cuenta[1]_GND_6_o_add_1_OUT> created at line 29.
    Summary:
	inferred   1 Adder/Subtractor(s).
	inferred   4 D-type flip-flop(s).
	inferred   1 Multiplexer(s).
Unit <DivisorFreq> synthesized.

=========================================================================
HDL Synthesis Report

Macro Statistics
# Adders/Subtractors                                   : 11
 10-bit adder                                          : 1
 10-bit addsub                                         : 2
 11-bit adder                                          : 3
 11-bit addsub                                         : 2
 12-bit adder                                          : 2
 2-bit adder                                           : 1
# Registers                                            : 14
 1-bit register                                        : 4
 10-bit register                                       : 3
 11-bit register                                       : 3
 2-bit register                                        : 2
 3-bit register                                        : 2
# Comparators                                          : 18
 10-bit comparator greater                             : 6
 11-bit comparator greater                             : 10
 12-bit comparator greater                             : 2
# Multiplexers                                         : 6
 10-bit 2-to-1 multiplexer                             : 1
 2-bit 2-to-1 multiplexer                              : 2
 3-bit 2-to-1 multiplexer                              : 3

=========================================================================

=========================================================================
*                       Advanced HDL Synthesis                          *
=========================================================================


Synthesizing (advanced) Unit <SYNC>.
The following registers are absorbed into accumulator <SQ_X1>: 1 register on signal <SQ_X1>.
The following registers are absorbed into accumulator <SQ_X2>: 1 register on signal <SQ_X2>.
The following registers are absorbed into accumulator <SQ_Y2>: 1 register on signal <SQ_Y2>.
The following registers are absorbed into accumulator <SQ_Y1>: 1 register on signal <SQ_Y1>.
The following registers are absorbed into counter <HPOS>: 1 register on signal <HPOS>.
The following registers are absorbed into counter <VPOS>: 1 register on signal <VPOS>.
Unit <SYNC> synthesized (advanced).

=========================================================================
Advanced HDL Synthesis Report

Macro Statistics
# Adders/Subtractors                                   : 5
 11-bit adder                                          : 2
 12-bit adder                                          : 2
 2-bit adder                                           : 1
# Counters                                             : 2
 10-bit up counter                                     : 1
 11-bit up counter                                     : 1
# Accumulators                                         : 4
 10-bit updown accumulator                             : 2
 11-bit updown accumulator                             : 2
# Registers                                            : 14
 Flip-Flops                                            : 14
# Comparators                                          : 18
 10-bit comparator greater                             : 6
 11-bit comparator greater                             : 10
 12-bit comparator greater                             : 2
# Multiplexers                                         : 4
 2-bit 2-to-1 multiplexer                              : 1
 3-bit 2-to-1 multiplexer                              : 3

=========================================================================

=========================================================================
*                         Low Level Synthesis                           *
=========================================================================
INFO:Xst:2261 - The FF/Latch <R_0> in Unit <SYNC> is equivalent to the following 2 FFs/Latches, which will be removed : <R_1> <R_2> 
INFO:Xst:2261 - The FF/Latch <G_0> in Unit <SYNC> is equivalent to the following 2 FFs/Latches, which will be removed : <G_1> <G_2> 
INFO:Xst:2261 - The FF/Latch <B_0> in Unit <SYNC> is equivalent to the following FF/Latch, which will be removed : <B_1> 

Optimizing unit <VGA> ...

Optimizing unit <SYNC> ...

Optimizing unit <DivisorFreq> ...

Mapping all equations...
Building and optimizing final netlist ...
Found area constraint ratio of 100 (+ 5) on block VGA, actual ratio is 3.

Final Macro Processing ...

=========================================================================
Final Register Report

Macro Statistics
# Registers                                            : 72
 Flip-Flops                                            : 72

=========================================================================

=========================================================================
*                           Partition Report                            *
=========================================================================

Partition Implementation Status
-------------------------------

  No Partitions were found in this design.

-------------------------------

=========================================================================
*                            Design Summary                             *
=========================================================================

Top Level Output File Name         : VGA.ngc

Primitive and Black Box Usage:
------------------------------
# BELS                             : 343
#      GND                         : 1
#      INV                         : 10
#      LUT1                        : 10
#      LUT2                        : 39
#      LUT3                        : 20
#      LUT4                        : 100
#      LUT5                        : 37
#      LUT6                        : 39
#      MUXCY                       : 65
#      VCC                         : 1
#      XORCY                       : 21
# FlipFlops/Latches                : 72
#      FDC                         : 3
#      FDCE                        : 1
#      FDE                         : 52
#      FDR                         : 16
# Clock Buffers                    : 2
#      BUFG                        : 1
#      BUFGP                       : 1
# IO Buffers                       : 17
#      IBUF                        : 7
#      OBUF                        : 10

Device utilization summary:
---------------------------

Selected Device : 6slx16csg324-3 


Slice Logic Utilization: 
 Number of Slice Registers:              72  out of  18224     0%  
 Number of Slice LUTs:                  255  out of   9112     2%  
    Number used as Logic:               255  out of   9112     2%  

Slice Logic Distribution: 
 Number of LUT Flip Flop pairs used:    285
   Number with an unused Flip Flop:     213  out of    285    74%  
   Number with an unused LUT:            30  out of    285    10%  
   Number of fully used LUT-FF pairs:    42  out of    285    14%  
   Number of unique control sets:        11

IO Utilization: 
 Number of IOs:                          18
 Number of bonded IOBs:                  18  out of    232     7%  

Specific Feature Utilization:
 Number of BUFG/BUFGCTRLs:                2  out of     16    12%  

---------------------------
Partition Resource Summary:
---------------------------

  No Partitions were found in this design.

---------------------------


=========================================================================
Timing Report

NOTE: THESE TIMING NUMBERS ARE ONLY A SYNTHESIS ESTIMATE.
      FOR ACCURATE TIMING INFORMATION PLEASE REFER TO THE TRACE REPORT
      GENERATED AFTER PLACE-and-ROUTE.

Clock Information:
------------------
-----------------------------------+------------------------+-------+
Clock Signal                       | Clock buffer(FF name)  | Load  |
-----------------------------------+------------------------+-------+
U2/aux                             | BUFG                   | 68    |
clk                                | BUFGP                  | 4     |
-----------------------------------+------------------------+-------+

Asynchronous Control Signals Information:
----------------------------------------
No asynchronous control signals found in this design

Timing Summary:
---------------
Speed Grade: -3

   Minimum period: 6.065ns (Maximum Frequency: 164.868MHz)
   Minimum input arrival time before clock: 5.759ns
   Maximum output required time after clock: 3.701ns
   Maximum combinational path delay: No path found

Timing Details:
---------------
All values displayed in nanoseconds (ns)

=========================================================================
Timing constraint: Default period analysis for Clock 'U2/aux'
  Clock period: 6.065ns (frequency: 164.868MHz)
  Total number of paths / destination ports: 4817 / 134
-------------------------------------------------------------------------
Delay:               6.065ns (Levels of Logic = 6)
  Source:            U1/SQ_Y2_3 (FF)
  Destination:       U1/R_0 (FF)
  Source Clock:      U2/aux rising
  Destination Clock: U2/aux rising

  Data Path: U1/SQ_Y2_3 to U1/R_0
                                Gate     Net
    Cell:in->out      fanout   Delay   Delay  Logical Name (Net Name)
    ----------------------------------------  ------------
     FDE:C->Q             14   0.447   1.186  U1/SQ_Y2_3 (U1/SQ_Y2_3)
     LUT6:I3->O            3   0.205   0.651  U1/Madd_n0170_cy<7>11 (U1/Madd_n0170_cy<7>)
     LUT2:I1->O            2   0.205   0.961  U1/Madd_n0170_xor<8>11 (U1/n0170<8>)
     LUT5:I0->O            1   0.203   0.000  U1/Mcompar_GND_5_o_BUS_0004_LessThan_12_o_lut<4> (U1/Mcompar_GND_5_o_BUS_0004_LessThan_12_o_lut<4>)
     MUXCY:S->O            5   0.172   0.943  U1/Mcompar_GND_5_o_BUS_0004_LessThan_12_o_cy<4> (U1/Mcompar_GND_5_o_BUS_0004_LessThan_12_o_cy<4>)
     LUT6:I3->O            1   0.205   0.580  U1/_n0277_inv1 (U1/_n0277_inv)
     LUT6:I5->O            1   0.205   0.000  U1/R_0_glue_set (U1/R_0_glue_set)
     FDR:D                     0.102          U1/R_0
    ----------------------------------------
    Total                      6.065ns (1.744ns logic, 4.321ns route)
                                       (28.8% logic, 71.2% route)

=========================================================================
Timing constraint: Default period analysis for Clock 'clk'
  Clock period: 1.913ns (frequency: 522.821MHz)
  Total number of paths / destination ports: 8 / 5
-------------------------------------------------------------------------
Delay:               1.913ns (Levels of Logic = 1)
  Source:            U2/aux (FF)
  Destination:       U2/aux (FF)
  Source Clock:      clk rising
  Destination Clock: clk rising

  Data Path: U2/aux to U2/aux
                                Gate     Net
    Cell:in->out      fanout   Delay   Delay  Logical Name (Net Name)
    ----------------------------------------  ------------
     FDCE:C->Q             1   0.447   0.579  U2/aux (U2/aux)
     INV:I->O              1   0.206   0.579  U2/aux_INV_29_o1_INV_0 (U2/aux_INV_29_o)
     FDCE:D                    0.102          U2/aux
    ----------------------------------------
    Total                      1.913ns (0.755ns logic, 1.158ns route)
                                       (39.5% logic, 60.5% route)

=========================================================================
Timing constraint: Default OFFSET IN BEFORE for Clock 'U2/aux'
  Total number of paths / destination ports: 220 / 83
-------------------------------------------------------------------------
Offset:              5.759ns (Levels of Logic = 5)
  Source:            Pulsadores<1> (PAD)
  Destination:       U1/SQ_X1_10 (FF)
  Destination Clock: U2/aux rising

  Data Path: Pulsadores<1> to U1/SQ_X1_10
                                Gate     Net
    Cell:in->out      fanout   Delay   Delay  Logical Name (Net Name)
    ----------------------------------------  ------------
     IBUF:I->O            32   1.222   1.396  Pulsadores_1_IBUF (Pulsadores_1_IBUF)
     LUT4:I2->O            3   0.203   0.755  U1/Maccum_SQ_X1_cy<2>12 (U1/Maccum_SQ_X1_cy<2>)
     LUT5:I3->O            4   0.203   0.788  U1/Maccum_SQ_X1_cy<5>12 (U1/Maccum_SQ_X1_cy<5>)
     LUT5:I3->O            1   0.203   0.684  U1/Maccum_SQ_X1_cy<8>12 (U1/Maccum_SQ_X1_cy<8>)
     LUT4:I2->O            1   0.203   0.000  U1/Maccum_SQ_X1_xor<10>11 (U1/Result<10>)
     FDE:D                     0.102          U1/SQ_X1_10
    ----------------------------------------
    Total                      5.759ns (2.136ns logic, 3.623ns route)
                                       (37.1% logic, 62.9% route)

=========================================================================
Timing constraint: Default OFFSET IN BEFORE for Clock 'clk'
  Total number of paths / destination ports: 4 / 4
-------------------------------------------------------------------------
Offset:              2.335ns (Levels of Logic = 1)
  Source:            reset (PAD)
  Destination:       U2/aux (FF)
  Destination Clock: clk rising

  Data Path: reset to U2/aux
                                Gate     Net
    Cell:in->out      fanout   Delay   Delay  Logical Name (Net Name)
    ----------------------------------------  ------------
     IBUF:I->O             4   1.222   0.683  reset_IBUF (reset_IBUF)
     FDC:CLR                   0.430          U2/cuenta_0
    ----------------------------------------
    Total                      2.335ns (1.652ns logic, 0.683ns route)
                                       (70.8% logic, 29.2% route)

=========================================================================
Timing constraint: Default OFFSET OUT AFTER for Clock 'U2/aux'
  Total number of paths / destination ports: 10 / 10
-------------------------------------------------------------------------
Offset:              3.701ns (Levels of Logic = 1)
  Source:            U1/R_0 (FF)
  Destination:       Red<2> (PAD)
  Source Clock:      U2/aux rising

  Data Path: U1/R_0 to Red<2>
                                Gate     Net
    Cell:in->out      fanout   Delay   Delay  Logical Name (Net Name)
    ----------------------------------------  ------------
     FDR:C->Q              4   0.447   0.683  U1/R_0 (U1/R_0)
     OBUF:I->O                 2.571          Red_2_OBUF (Red<2>)
    ----------------------------------------
    Total                      3.701ns (3.018ns logic, 0.683ns route)
                                       (81.6% logic, 18.4% route)

=========================================================================

Cross Clock Domains Report:
--------------------------

Clock to Setup on destination clock U2/aux
---------------+---------+---------+---------+---------+
               | Src:Rise| Src:Fall| Src:Rise| Src:Fall|
Source Clock   |Dest:Rise|Dest:Rise|Dest:Fall|Dest:Fall|
---------------+---------+---------+---------+---------+
U2/aux         |    6.065|         |         |         |
---------------+---------+---------+---------+---------+

Clock to Setup on destination clock clk
---------------+---------+---------+---------+---------+
               | Src:Rise| Src:Fall| Src:Rise| Src:Fall|
Source Clock   |Dest:Rise|Dest:Rise|Dest:Fall|Dest:Fall|
---------------+---------+---------+---------+---------+
clk            |    1.913|         |         |         |
---------------+---------+---------+---------+---------+

=========================================================================


Total REAL time to Xst completion: 14.00 secs
Total CPU time to Xst completion: 13.22 secs
 
--> 


Total memory usage is 485408 kilobytes

Number of errors   :    0 (   0 filtered)
Number of warnings :    0 (   0 filtered)
Number of infos    :    3 (   0 filtered)

