Release 14.7 - xst P.20160913 (lin64)
Copyright (c) 1995-2013 Xilinx, Inc.  All rights reserved.
--> 
Parameter TMPDIR set to xst/projnav.tmp


Total REAL time to Xst completion: 0.00 secs
Total CPU time to Xst completion: 0.04 secs
 
--> 
Parameter xsthdpdir set to xst


Total REAL time to Xst completion: 0.00 secs
Total CPU time to Xst completion: 0.04 secs
 
--> 
Reading design: SupContador.prj

TABLE OF CONTENTS
  1) Synthesis Options Summary
  2) HDL Parsing
  3) HDL Elaboration
  4) HDL Synthesis
       4.1) HDL Synthesis Report
  5) Advanced HDL Synthesis
       5.1) Advanced HDL Synthesis Report
  6) Low Level Synthesis
  7) Partition Report
  8) Design Summary
       8.1) Primitive and Black Box Usage
       8.2) Device utilization summary
       8.3) Partition Resource Summary
       8.4) Timing Report
            8.4.1) Clock Information
            8.4.2) Asynchronous Control Signals Information
            8.4.3) Timing Summary
            8.4.4) Timing Details
            8.4.5) Cross Clock Domains Report


=========================================================================
*                      Synthesis Options Summary                        *
=========================================================================
---- Source Parameters
Input File Name                    : "SupContador.prj"
Ignore Synthesis Constraint File   : NO

---- Target Parameters
Output File Name                   : "SupContador"
Output Format                      : NGC
Target Device                      : xc6slx16-3-csg324

---- Source Options
Top Module Name                    : SupContador
Automatic FSM Extraction           : YES
FSM Encoding Algorithm             : Auto
Safe Implementation                : No
FSM Style                          : LUT
RAM Extraction                     : Yes
RAM Style                          : Auto
ROM Extraction                     : Yes
Shift Register Extraction          : YES
ROM Style                          : Auto
Resource Sharing                   : YES
Asynchronous To Synchronous        : NO
Shift Register Minimum Size        : 2
Use DSP Block                      : Auto
Automatic Register Balancing       : No

---- Target Options
LUT Combining                      : Auto
Reduce Control Sets                : Auto
Add IO Buffers                     : YES
Global Maximum Fanout              : 100000
Add Generic Clock Buffer(BUFG)     : 16
Register Duplication               : YES
Optimize Instantiated Primitives   : NO
Use Clock Enable                   : Auto
Use Synchronous Set                : Auto
Use Synchronous Reset              : Auto
Pack IO Registers into IOBs        : Auto
Equivalent register Removal        : YES

---- General Options
Optimization Goal                  : Speed
Optimization Effort                : 1
Power Reduction                    : NO
Keep Hierarchy                     : No
Netlist Hierarchy                  : As_Optimized
RTL Output                         : Yes
Global Optimization                : AllClockNets
Read Cores                         : YES
Write Timing Constraints           : NO
Cross Clock Analysis               : NO
Hierarchy Separator                : /
Bus Delimiter                      : <>
Case Specifier                     : Maintain
Slice Utilization Ratio            : 100
BRAM Utilization Ratio             : 100
DSP48 Utilization Ratio            : 100
Auto BRAM Packing                  : NO
Slice Utilization Ratio Delta      : 5

=========================================================================


=========================================================================
*                          HDL Parsing                                  *
=========================================================================
Parsing VHDL file "/home/ise/Codigos_VHDL_Nexys3/BloquesSecuenciales/Contador/divide.vhd" into library work
Parsing entity <divide>.
Parsing architecture <Behavioral> of entity <divide>.
Parsing VHDL file "/home/ise/Codigos_VHDL_Nexys3/BloquesSecuenciales/Contador/cuenta.vhd" into library work
Parsing entity <cuenta>.
Parsing architecture <Behavioral> of entity <cuenta>.
Parsing VHDL file "/home/ise/Codigos_VHDL_Nexys3/BloquesSecuenciales/Contador/SupContador.vhd" into library work
Parsing entity <SupContador>.
Parsing architecture <Behavioral> of entity <supcontador>.

=========================================================================
*                            HDL Elaboration                            *
=========================================================================

Elaborating entity <SupContador> (architecture <Behavioral>) from library <work>.

Elaborating entity <divide> (architecture <Behavioral>) from library <work>.

Elaborating entity <cuenta> (architecture <Behavioral>) from library <work>.

=========================================================================
*                           HDL Synthesis                               *
=========================================================================

Synthesizing Unit <SupContador>.
    Related source file is "/home/ise/Codigos_VHDL_Nexys3/BloquesSecuenciales/Contador/SupContador.vhd".
    Summary:
	no macro.
Unit <SupContador> synthesized.

Synthesizing Unit <divide>.
    Related source file is "/home/ise/Codigos_VHDL_Nexys3/BloquesSecuenciales/Contador/divide.vhd".
    Found 26-bit register for signal <cuenta>.
    Found 1-bit register for signal <unseg>.
    Found 1-bit register for signal <aux>.
    Found 26-bit adder for signal <cuenta[25]_GND_4_o_add_1_OUT> created at line 41.
    Summary:
	inferred   1 Adder/Subtractor(s).
	inferred  28 D-type flip-flop(s).
	inferred   1 Multiplexer(s).
Unit <divide> synthesized.

Synthesizing Unit <cuenta>.
    Related source file is "/home/ise/Codigos_VHDL_Nexys3/BloquesSecuenciales/Contador/cuenta.vhd".
    Found 8-bit register for signal <cuenta>.
    Found 8-bit adder for signal <cuenta[7]_GND_7_o_add_0_OUT> created at line 21.
    Summary:
	inferred   1 Adder/Subtractor(s).
	inferred   8 D-type flip-flop(s).
Unit <cuenta> synthesized.

=========================================================================
HDL Synthesis Report

Macro Statistics
# Adders/Subtractors                                   : 2
 26-bit adder                                          : 1
 8-bit adder                                           : 1
# Registers                                            : 4
 1-bit register                                        : 2
 26-bit register                                       : 1
 8-bit register                                        : 1
# Multiplexers                                         : 1
 26-bit 2-to-1 multiplexer                             : 1

=========================================================================

=========================================================================
*                       Advanced HDL Synthesis                          *
=========================================================================


Synthesizing (advanced) Unit <cuenta>.
The following registers are absorbed into counter <cuenta>: 1 register on signal <cuenta>.
Unit <cuenta> synthesized (advanced).

Synthesizing (advanced) Unit <divide>.
The following registers are absorbed into counter <cuenta>: 1 register on signal <cuenta>.
Unit <divide> synthesized (advanced).

=========================================================================
Advanced HDL Synthesis Report

Macro Statistics
# Counters                                             : 2
 26-bit up counter                                     : 1
 8-bit up counter                                      : 1
# Registers                                            : 2
 Flip-Flops                                            : 2

=========================================================================

=========================================================================
*                         Low Level Synthesis                           *
=========================================================================

Optimizing unit <SupContador> ...

Mapping all equations...
Building and optimizing final netlist ...
Found area constraint ratio of 100 (+ 5) on block SupContador, actual ratio is 0.

Final Macro Processing ...

=========================================================================
Final Register Report

Macro Statistics
# Registers                                            : 36
 Flip-Flops                                            : 36

=========================================================================

=========================================================================
*                           Partition Report                            *
=========================================================================

Partition Implementation Status
-------------------------------

  No Partitions were found in this design.

-------------------------------

=========================================================================
*                            Design Summary                             *
=========================================================================

Top Level Output File Name         : SupContador.ngc

Primitive and Black Box Usage:
------------------------------
# BELS                             : 135
#      GND                         : 1
#      INV                         : 2
#      LUT1                        : 32
#      LUT2                        : 27
#      LUT6                        : 6
#      MUXCY                       : 32
#      VCC                         : 1
#      XORCY                       : 34
# FlipFlops/Latches                : 36
#      FDC                         : 36
# Clock Buffers                    : 1
#      BUFGP                       : 1
# IO Buffers                       : 9
#      IBUF                        : 1
#      OBUF                        : 8

Device utilization summary:
---------------------------

Selected Device : 6slx16csg324-3 


Slice Logic Utilization: 
 Number of Slice Registers:              36  out of  18224     0%  
 Number of Slice LUTs:                   67  out of   9112     0%  
    Number used as Logic:                67  out of   9112     0%  

Slice Logic Distribution: 
 Number of LUT Flip Flop pairs used:     67
   Number with an unused Flip Flop:      31  out of     67    46%  
   Number with an unused LUT:             0  out of     67     0%  
   Number of fully used LUT-FF pairs:    36  out of     67    53%  
   Number of unique control sets:         2

IO Utilization: 
 Number of IOs:                          10
 Number of bonded IOBs:                  10  out of    232     4%  

Specific Feature Utilization:
 Number of BUFG/BUFGCTRLs:                1  out of     16     6%  

---------------------------
Partition Resource Summary:
---------------------------

  No Partitions were found in this design.

---------------------------


=========================================================================
Timing Report

NOTE: THESE TIMING NUMBERS ARE ONLY A SYNTHESIS ESTIMATE.
      FOR ACCURATE TIMING INFORMATION PLEASE REFER TO THE TRACE REPORT
      GENERATED AFTER PLACE-and-ROUTE.

Clock Information:
------------------
-----------------------------------+------------------------+-------+
Clock Signal                       | Clock buffer(FF name)  | Load  |
-----------------------------------+------------------------+-------+
clk                                | BUFGP                  | 28    |
uo/aux                             | NONE(u1/cuenta_0)      | 8     |
-----------------------------------+------------------------+-------+
INFO:Xst:2169 - HDL ADVISOR - Some clock signals were not automatically buffered by XST with BUFG/BUFR resources. Please use the buffer_type constraint in order to insert these buffers to the clock signals to help prevent skew problems.

Asynchronous Control Signals Information:
----------------------------------------
No asynchronous control signals found in this design

Timing Summary:
---------------
Speed Grade: -3

   Minimum period: 3.964ns (Maximum Frequency: 252.296MHz)
   Minimum input arrival time before clock: 3.000ns
   Maximum output required time after clock: 3.634ns
   Maximum combinational path delay: No path found

Timing Details:
---------------
All values displayed in nanoseconds (ns)

=========================================================================
Timing constraint: Default period analysis for Clock 'clk'
  Clock period: 3.964ns (frequency: 252.296MHz)
  Total number of paths / destination ports: 1055 / 28
-------------------------------------------------------------------------
Delay:               3.964ns (Levels of Logic = 3)
  Source:            uo/cuenta_8 (FF)
  Destination:       uo/cuenta_0 (FF)
  Source Clock:      clk rising
  Destination Clock: clk rising

  Data Path: uo/cuenta_8 to uo/cuenta_0
                                Gate     Net
    Cell:in->out      fanout   Delay   Delay  Logical Name (Net Name)
    ----------------------------------------  ------------
     FDC:C->Q              2   0.447   0.981  uo/cuenta_8 (uo/cuenta_8)
     LUT6:I0->O            2   0.203   0.864  uo/PWR_4_o_cuenta[25]_equal_1_o<25>4 (uo/PWR_4_o_cuenta[25]_equal_1_o<25>3)
     LUT6:I2->O           14   0.203   0.958  uo/PWR_4_o_cuenta[25]_equal_1_o<25>5 (uo/PWR_4_o_cuenta[25]_equal_1_o)
     LUT2:I1->O            1   0.205   0.000  uo/Mcount_cuenta_eqn_01 (uo/Mcount_cuenta_eqn_0)
     FDC:D                     0.102          uo/cuenta_0
    ----------------------------------------
    Total                      3.964ns (1.160ns logic, 2.804ns route)
                                       (29.3% logic, 70.7% route)

=========================================================================
Timing constraint: Default period analysis for Clock 'uo/aux'
  Clock period: 1.837ns (frequency: 544.292MHz)
  Total number of paths / destination ports: 36 / 8
-------------------------------------------------------------------------
Delay:               1.837ns (Levels of Logic = 9)
  Source:            u1/cuenta_0 (FF)
  Destination:       u1/cuenta_7 (FF)
  Source Clock:      uo/aux rising
  Destination Clock: uo/aux rising

  Data Path: u1/cuenta_0 to u1/cuenta_7
                                Gate     Net
    Cell:in->out      fanout   Delay   Delay  Logical Name (Net Name)
    ----------------------------------------  ------------
     FDC:C->Q              2   0.447   0.616  u1/cuenta_0 (u1/cuenta_0)
     INV:I->O              1   0.206   0.000  u1/Mcount_cuenta_lut<0>_INV_0 (u1/Mcount_cuenta_lut<0>)
     MUXCY:S->O            1   0.172   0.000  u1/Mcount_cuenta_cy<0> (u1/Mcount_cuenta_cy<0>)
     MUXCY:CI->O           1   0.019   0.000  u1/Mcount_cuenta_cy<1> (u1/Mcount_cuenta_cy<1>)
     MUXCY:CI->O           1   0.019   0.000  u1/Mcount_cuenta_cy<2> (u1/Mcount_cuenta_cy<2>)
     MUXCY:CI->O           1   0.019   0.000  u1/Mcount_cuenta_cy<3> (u1/Mcount_cuenta_cy<3>)
     MUXCY:CI->O           1   0.019   0.000  u1/Mcount_cuenta_cy<4> (u1/Mcount_cuenta_cy<4>)
     MUXCY:CI->O           1   0.019   0.000  u1/Mcount_cuenta_cy<5> (u1/Mcount_cuenta_cy<5>)
     MUXCY:CI->O           0   0.019   0.000  u1/Mcount_cuenta_cy<6> (u1/Mcount_cuenta_cy<6>)
     XORCY:CI->O           1   0.180   0.000  u1/Mcount_cuenta_xor<7> (Result<7>1)
     FDC:D                     0.102          u1/cuenta_7
    ----------------------------------------
    Total                      1.837ns (1.221ns logic, 0.616ns route)
                                       (66.5% logic, 33.5% route)

=========================================================================
Timing constraint: Default OFFSET IN BEFORE for Clock 'clk'
  Total number of paths / destination ports: 28 / 28
-------------------------------------------------------------------------
Offset:              3.000ns (Levels of Logic = 1)
  Source:            reset (PAD)
  Destination:       uo/unseg (FF)
  Destination Clock: clk rising

  Data Path: reset to uo/unseg
                                Gate     Net
    Cell:in->out      fanout   Delay   Delay  Logical Name (Net Name)
    ----------------------------------------  ------------
     IBUF:I->O            36   1.222   1.348  reset_IBUF (reset_IBUF)
     FDC:CLR                   0.430          uo/unseg
    ----------------------------------------
    Total                      3.000ns (1.652ns logic, 1.348ns route)
                                       (55.1% logic, 44.9% route)

=========================================================================
Timing constraint: Default OFFSET IN BEFORE for Clock 'uo/aux'
  Total number of paths / destination ports: 8 / 8
-------------------------------------------------------------------------
Offset:              3.000ns (Levels of Logic = 1)
  Source:            reset (PAD)
  Destination:       u1/cuenta_0 (FF)
  Destination Clock: uo/aux rising

  Data Path: reset to u1/cuenta_0
                                Gate     Net
    Cell:in->out      fanout   Delay   Delay  Logical Name (Net Name)
    ----------------------------------------  ------------
     IBUF:I->O            36   1.222   1.348  reset_IBUF (reset_IBUF)
     FDC:CLR                   0.430          u1/cuenta_0
    ----------------------------------------
    Total                      3.000ns (1.652ns logic, 1.348ns route)
                                       (55.1% logic, 44.9% route)

=========================================================================
Timing constraint: Default OFFSET OUT AFTER for Clock 'uo/aux'
  Total number of paths / destination ports: 8 / 8
-------------------------------------------------------------------------
Offset:              3.634ns (Levels of Logic = 1)
  Source:            u1/cuenta_7 (FF)
  Destination:       SalidaCuenta<7> (PAD)
  Source Clock:      uo/aux rising

  Data Path: u1/cuenta_7 to SalidaCuenta<7>
                                Gate     Net
    Cell:in->out      fanout   Delay   Delay  Logical Name (Net Name)
    ----------------------------------------  ------------
     FDC:C->Q              2   0.447   0.616  u1/cuenta_7 (u1/cuenta_7)
     OBUF:I->O                 2.571          SalidaCuenta_7_OBUF (SalidaCuenta<7>)
    ----------------------------------------
    Total                      3.634ns (3.018ns logic, 0.616ns route)
                                       (83.0% logic, 17.0% route)

=========================================================================

Cross Clock Domains Report:
--------------------------

Clock to Setup on destination clock clk
---------------+---------+---------+---------+---------+
               | Src:Rise| Src:Fall| Src:Rise| Src:Fall|
Source Clock   |Dest:Rise|Dest:Rise|Dest:Fall|Dest:Fall|
---------------+---------+---------+---------+---------+
clk            |    3.964|         |         |         |
---------------+---------+---------+---------+---------+

Clock to Setup on destination clock uo/aux
---------------+---------+---------+---------+---------+
               | Src:Rise| Src:Fall| Src:Rise| Src:Fall|
Source Clock   |Dest:Rise|Dest:Rise|Dest:Fall|Dest:Fall|
---------------+---------+---------+---------+---------+
uo/aux         |    1.837|         |         |         |
---------------+---------+---------+---------+---------+

=========================================================================


Total REAL time to Xst completion: 12.00 secs
Total CPU time to Xst completion: 10.77 secs
 
--> 


Total memory usage is 385812 kilobytes

Number of errors   :    0 (   0 filtered)
Number of warnings :    0 (   0 filtered)
Number of infos    :    1 (   0 filtered)

